// Jest Snapshot v1, https://goo.gl/fbAQLP

exports[`renders without crashing 1`] = `
Array [
  <div
    className="header"
  >
    <a
      className="chakra-link css-spn4bz"
      href="/"
    >
      <img
        alt="Pathfinder"
        className="chakra-image css-73nay0"
        src="img/banner.png"
      />
    </a>
    <div
      className="nav-links"
    >
      <ul>
        <li
          className="clickable"
        >
          <a
            href="/sign-up"
          >
            Sign Up
          </a>
        </li>
        <li
          className="clickable"
        >
          <a
            onClick={[Function]}
          >
            Login
          </a>
        </li>
      </ul>
    </div>
  </div>,
  <h2
    className="chakra-heading css-1dklj6k"
  >
    Send Recovery Link
  </h2>,
  <form
    onSubmit={[Function]}
  >
    <input
      aria-required={true}
      autoComplete="email"
      className="chakra-input css-14sef68"
      id="email"
      onBlur={[Function]}
      onChange={[Function]}
      onFocus={[Function]}
      placeholder="Email"
      required={true}
      type="email"
      value=""
    />
    <p
      className="chakra-text css-0"
    >
       
       
    </p>
    <button
      className="chakra-button css-eu2w2k"
      type="submit"
    >
      Send Link
    </button>
  </form>,
  <span />,
]
`;
